// Jest Snapshot v1, https://goo.gl/fbAQLP

exports[`components SEO should render 1`] = `
ShallowWrapper {
  Symbol(enzyme.__root__): [Circular],
  Symbol(enzyme.__unrendered__): <Seo
    blur={true}
    text="test"
  />,
  Symbol(enzyme.__renderer__): Object {
    "batchedUpdates": [Function],
    "checkPropTypes": [Function],
    "getNode": [Function],
    "render": [Function],
    "simulateError": [Function],
    "simulateEvent": [Function],
    "unmount": [Function],
  },
  Symbol(enzyme.__node__): Object {
    "instance": null,
    "key": undefined,
    "nodeType": "host",
    "props": Object {
      "children": <HelmetWrapper
        defer={true}
        encodeSpecialCharacters={true}
      >
        <title>
           | 
          Personio Applications
           
        </title>
        <meta
          name="description"
        />
      </HelmetWrapper>,
    },
    "ref": null,
    "rendered": Object {
      "instance": null,
      "key": undefined,
      "nodeType": "class",
      "props": Object {
        "children": Array [
          <title>
             | 
            Personio Applications
             
          </title>,
          <meta
            name="description"
          />,
        ],
        "defer": true,
        "encodeSpecialCharacters": true,
      },
      "ref": null,
      "rendered": Array [
        Object {
          "instance": null,
          "key": undefined,
          "nodeType": "host",
          "props": Object {
            "children": Array [
              undefined,
              " | ",
              "Personio Applications",
              " ",
            ],
          },
          "ref": null,
          "rendered": Array [
            undefined,
            " | ",
            "Personio Applications",
            " ",
          ],
          "type": "title",
        },
        Object {
          "instance": null,
          "key": undefined,
          "nodeType": "host",
          "props": Object {
            "content": undefined,
            "name": "description",
          },
          "ref": null,
          "rendered": null,
          "type": "meta",
        },
      ],
      "type": [Function],
    },
    "type": "div",
  },
  Symbol(enzyme.__nodes__): Array [
    Object {
      "instance": null,
      "key": undefined,
      "nodeType": "host",
      "props": Object {
        "children": <HelmetWrapper
          defer={true}
          encodeSpecialCharacters={true}
        >
          <title>
             | 
            Personio Applications
             
          </title>
          <meta
            name="description"
          />
        </HelmetWrapper>,
      },
      "ref": null,
      "rendered": Object {
        "instance": null,
        "key": undefined,
        "nodeType": "class",
        "props": Object {
          "children": Array [
            <title>
               | 
              Personio Applications
               
            </title>,
            <meta
              name="description"
            />,
          ],
          "defer": true,
          "encodeSpecialCharacters": true,
        },
        "ref": null,
        "rendered": Array [
          Object {
            "instance": null,
            "key": undefined,
            "nodeType": "host",
            "props": Object {
              "children": Array [
                undefined,
                " | ",
                "Personio Applications",
                " ",
              ],
            },
            "ref": null,
            "rendered": Array [
              undefined,
              " | ",
              "Personio Applications",
              " ",
            ],
            "type": "title",
          },
          Object {
            "instance": null,
            "key": undefined,
            "nodeType": "host",
            "props": Object {
              "content": undefined,
              "name": "description",
            },
            "ref": null,
            "rendered": null,
            "type": "meta",
          },
        ],
        "type": [Function],
      },
      "type": "div",
    },
  ],
  Symbol(enzyme.__options__): Object {
    "adapter": ReactSixteenAdapter {
      "options": Object {
        "enableComponentDidUpdateOnSetState": true,
        "legacyContextMode": "parent",
        "lifecycles": Object {
          "componentDidUpdate": Object {
            "onSetState": true,
          },
          "getChildContext": Object {
            "calledByRenderer": false,
          },
          "getDerivedStateFromProps": Object {
            "hasShouldComponentUpdateBug": false,
          },
          "getSnapshotBeforeUpdate": true,
          "setState": Object {
            "skipsComponentDidUpdateOnNullish": true,
          },
        },
      },
    },
  },
}
`;
